##################
# Verify Cluster #
##################
* Always verify new cluster
gnt-cluster verify

Common problems:
* host file out of sync: gnt-cluster copyfile /etc/hosts
* unallocated drbd minors: drbdsetup /dev/drbd0
* orphaned volumes: lvremove xenvg

############################
# Instance Install Options #
############################

* instance-image: install manually from ISO
* instance-image: unpack filesystem dump or tarball that you prepared earlier
* instance-debootstrap (Debian/Ubuntu only)

#########
# Notes #
#########

^] to exit console mode
# Hooks
ls -l /usr/share/doc/ganeti-instance-debootstrap/examples/hooks
$ cat /usr/share/ganeti/ganeti/_autoconf.py | grep OS
OS_SEARCH_PATH = ['/srv/ganeti/os','/usr/local/lib/ganeti/os','/usr/lib/ganeti/os','/usr/share/ganeti/os']
# removed empty debootstrap dir from below
rm -rf /usr/local/share/ganeti/

root@kvm1:~# gnt-cluster copyfile /etc/default/ganeti-instance-debootstrap
root@kvm1:~# gnt-cluster copyfile /etc/ganeti/instance-debootstrap/variants.list
root@kvm1:~# gnt-cluster copyfile /etc/ganeti/instance-debootstrap/variants/trusty.conf
root@kvm1:~# gnt-cluster copyfile /etc/ganeti/instance-debootstrap/variants/precise.conf
root@kvm1:~# gnt-cluster copyfile /etc/ganeti/instance-debootstrap/variants/default.conf
root@kvm1:~# gnt-cluster copyfile /etc/ganeti/instance-debootstrap/hooks/grub
root@kvm1:~# gnt-cluster copyfile /etc/ganeti/instance-debootstrap/hooks/interfaces
root@kvm1:~# gnt-os list
Name
debootstrap+debootstrap
debootstrap+debootstrap+default
debootstrap+precise
debootstrap+trusty

# err
root@instance2:~# cat /boot/grub/device.map
(hd0) /tmp/tmp.Q8kqtHw8tj/dev/vda

# not kernel installed
ls -l /boot/
total 4
drwxr-xr-x 5 root 114 4096 Feb 13 00:32 grub

root@instance2:~# fdisk -l

Disk /dev/vda: 4294 MB, 4294967296 bytes
64 heads, 32 sectors/track, 4096 cylinders, total 8388608 sectors
Units = sectors of 1 * 512 = 512 bytes
Sector size (logical/physical): 512 bytes / 512 bytes
I/O size (minimum/optimal): 512 bytes / 512 bytes
Disk identifier: 0x00000000

   Device Boot      Start         End      Blocks   Id  System
/dev/vda1   *        2048     8388607     4193280   83  Linux

# Fix
apt-get install linux-image-generic

root@instance2:~# cat /boot/grub/device.map
(hd0) /dev/vda

root@instance2:~# update-grub
Generating grub configuration file ...
Warning: Setting GRUB_TIMEOUT to a non-zero value when GRUB_HIDDEN_TIMEOUT is set is no longer supported.
Found linux image: /boot/vmlinuz-3.13.0-24-generic
Found initrd image: /boot/initrd.img-3.13.0-24-generic
done
root@instance2:~# grub-install --no-floppy /dev/vda
Installing for i386-pc platform.
Installation finished. No error reported.

root@kvm1:~# gnt-instance start instance2; gnt-instance console instance2
Waiting for job 987 for instance2 ...

Ubuntu 14.04 LTS instance2 ttyS0

instance2 login:


# Each node
apt-get install -y software-properties-common git
apt-add-repository ppa:grnet/synnefo
echo -e "deb http://apt.dev.grnet.gr trusty/\ndeb-src http://apt.dev.grnet.gr trusty/" >> /etc/apt/sources.list
apt-get update
apt-get install -y snf-image
#  If you are asked during the installation to create/update a “supermin appliance”, choose "Yes".
git clone https://github.com/grnet/snf-image
Check IMAGE_DIR in /etc/default/snf-image
set CURL="curl -k"
wget https://cdn.synnefo.org/ubuntu_server-14.04-x86_64.diskdump -O /var/lib/snf-image/ubuntu_server-14.04-x86_64.diskdump
wget https://cdn.synnefo.org/ubuntu_server-14.04-x86_64.diskdump.meta -O /var/lib/snf-image/ubuntu_server-14.04-x86_64.diskdump.meta
gnt-cluster copyfile /etc/default/snf-image
gnt-cluster copyfile /etc/default/snf-image-update-helper
gnt-cluster copyfile /etc/ganeti/snf-image/variants.list
gnt-cluster copyfile /etc/ganeti/snf-image/variants/trusty.conf


root@kvm1:~# cat /etc/ganeti/snf-image/variants.list
default
trusty
root@kvm1:~# cat /etc/ganeti/snf-image/variants/trusty.conf
IMG_PASSWD=toor
IMG_FORMAT=diskdump
IMG_ID=ubuntu_server-14.04-x86_64.diskdump
IMG_PROPERTIES='{"OSFAMILY":"linux","ROOT_PARTITION":"1","USERS":"root"}'


###################
# Migrate to DRBD #
###################
# from plain on primary node

root@kvm1:~# gnt-instance add -o debootstrap+trusty -t plain -s 4g -n kvm1.local instance1
root@kvm1:~# gnt-instance shutdown --timeout=0 instance1
root@kvm1:~# gnt-instance start -H kernel_path=/boot/vmlinuz-3.13.0-44-generic,initrd_path=/boot/initrd.img-3.13.0-44-generic,kernel_args="ro single"  instance1
root@kvm1:~# gnt-instance console instance1

  root@instance2:~# apt-get update
  root@instance2:~# apt-get -y --force-yes install linux-image-generic grub-pc
  root@instance2:~# apt-get -y --force-yes install linux-image-generic grub-pc
  root@instance2:~# update-grub
  root@instance2:~# grub-install --no-floppy /dev/vda

root@kvm1:~# gnt-instance shutdown instance1
root@kvm1:~# gnt-instance modify -t drbd -n kvm2.local instance1
Thu Feb 12 23:17:00 2015 Converting template to drbd
Thu Feb 12 23:17:00 2015 Creating additional volumes...
Thu Feb 12 23:17:02 2015 Renaming original volumes...
Thu Feb 12 23:17:02 2015 Initializing DRBD devices...
Thu Feb 12 23:17:07 2015  - INFO: Waiting for instance instance2 to sync disks
Thu Feb 12 23:17:18 2015  - INFO: - device disk/0: 19.80% done, 45s remaining (estimated)
Thu Feb 12 23:18:05 2015  - INFO: Instance instance2's disks are in sync
Modified instance instance1
 - disk_template -> drbd
Please don't forget that most parameters take effect only at the next (re)start of the instance initiated by ganeti; restarting from within the instance will not be enough.
root@kvm1:~# gnt-instance start instance1


#############################
# Ganeti Image - CD Install #
#############################

wget https://code.osuosl.org/attachments/download/2169/ganeti-instance-image_0.5.1-1_all.deb
dpkg --install ganeti-instance-image_0.5.1-1_all.deb
wget http://stable.release.core-os.net/amd64-usr/current/coreos_production_iso_image.iso
gnt-cluster copyfile coreos_production_iso_image.iso

# Plain
gnt-instance add -t plain -o image+default -s 4GB -B memory=128M -n kvm1.local --no-install --no-start --no-ip-check --no-name-check -H kvm:vnc_bind_address=0.0.0.0,boot_order=cdrom,cdrom_image_path=/home/coreos_production_iso_image.iso coreos.instance

# Drbd
gnt-instance add -t drbd -o image+default -s 4GB -B memory=128M -n kvm1.local:kvm2.local --no-install --no-start --no-ip-check --no-name-check -H kvm:vnc_bind_address=0.0.0.0,boot_order=cdrom,cdrom_image_path=/home/coreos_production_iso_image.iso coreos.instance

# Check that VM is running, look for Network_port then open VNC viewer on port and pnode host
gnt-instance list -o name,pnode,snodes,oper_ram,nic.bridge/0,network_port,nic.link/0,sda_size,status

# Change boot order to disk
gnt-instance modify -H boot_order=disk,cdrom_image_path="",kernel_path="" coreos.instance
Desired=Unknown/Install/Remove/Purge/Hold
| Status=Not/Inst/Conf-files/Unpacked/halF-conf/Half-inst/trig-aWait/Trig-pend
|/ Err?=(none)/Reinst-required (Status,Err: uppercase=bad)
||/ Name                                      Version                               Architecture Description
+++-=========================================-=====================================-============-===============================================================================
ii  accountsservice                           0.6.35-0ubuntu7.1                     amd64        query and manipulate user account information
ii  acl                                       2.2.52-1                              amd64        Access control list utilities
ii  adduser                                   3.113+nmu3ubuntu3                     all          add and remove users and groups
ii  apparmor                                  2.8.95~2430-0ubuntu5.1                amd64        User-space parser utility for AppArmor
ii  apt                                       1.0.1ubuntu2.6                        amd64        commandline package manager
ii  apt-file                                  2.5.2ubuntu1                          all          search for files within Debian packages (command-line interface)
ii  apt-transport-https                       1.0.1ubuntu2.6                        amd64        https download transport for APT
ii  apt-utils                                 1.0.1ubuntu2.6                        amd64        package management related utility programs
ii  apt-xapian-index                          0.45ubuntu4                           all          maintenance and search tools for a Xapian index of Debian packages
ii  aptitude                                  0.6.8.2-1ubuntu4                      amd64        terminal-based package manager
ii  aptitude-common                           0.6.8.2-1ubuntu4                      all          architecture indepedent files for the aptitude package manager
ii  augeas-lenses                             1.2.0-0ubuntu1.1                      all          Set of lenses needed by libaugeas0 to parse config files
ii  autoconf                                  2.69-6                                all          automatic configure script builder
ii  automake                                  1:1.14.1-2ubuntu1                     all          Tool for generating GNU Standards-compliant Makefiles
ii  autotools-dev                             20130810.1                            all          Update infrastructure for config.{guess,sub} files
ii  base-files                                7.2ubuntu5.1                          amd64        Debian base system miscellaneous files
ii  base-passwd                               3.5.33                                amd64        Debian base system master password and group files
ii  bash                                      4.3-7ubuntu1.5                        amd64        GNU Bourne Again SHell
ii  bash-completion                           1:2.1-4                               all          programmable completion for the bash shell
ii  bind9-host                                1:9.9.5.dfsg-3ubuntu0.1               amd64        Version of 'host' bundled with BIND 9.X
ii  binutils                                  2.24-5ubuntu3                         amd64        GNU assembler, linker and binary utilities
ii  biosdevname                               0.4.1-0ubuntu6.1                      amd64        apply BIOS-given names to network devices
ii  bmon                                      1:3.1-1                               amd64        portable bandwidth monitor and rate estimator
ii  bridge-utils                              1.5-6ubuntu2                          amd64        Utilities for configuring the Linux Ethernet bridge
ii  bsdmainutils                              9.0.5ubuntu1                          amd64        collection of more utilities from FreeBSD
ii  bsdutils                                  1:2.20.1-5.1ubuntu20.3                amd64        Basic utilities from 4.4BSD-Lite
ii  btrfs-tools                               3.12-1                                amd64        Checksumming Copy on Write Filesystem utilities
ii  build-essential                           11.6ubuntu6                           amd64        Informational list of build-essential packages
ii  busybox-initramfs                         1:1.21.0-1ubuntu1                     amd64        Standalone shell setup for initramfs
ii  busybox-static                            1:1.21.0-1ubuntu1                     amd64        Standalone rescue shell with tons of builtin utilities
ii  bzip2                                     1.0.6-5                               amd64        high-quality block-sorting file compressor - utilities
ii  ca-certificates                           20130906ubuntu2                       all          Common CA certificates
ii  cfengine2                                 2.2.10-5build1                        amd64        Tool for configuring and maintaining network machines
ii  cgroup-lite                               1.9                                   all          Light-weight package to set up cgroups at system boot
ii  comerr-dev                                2.1-1.42.9-3ubuntu1                   amd64        common error description library - headers and static libraries
ii  command-not-found                         0.3ubuntu12                           all          Suggest installation of packages in interactive bash sessions
ii  command-not-found-data                    0.3ubuntu12                           amd64        Set of data files for command-not-found.
ii  console-setup                             1.70ubuntu8                           all          console font and keymap setup program
ii  coreutils                                 8.21-1ubuntu5.1                       amd64        GNU core utilities
ii  cpio                                      2.11+dfsg-1ubuntu1.1                  amd64        GNU cpio -- a program to manage archives of files
ii  cpp                                       4:4.8.2-1ubuntu6                      amd64        GNU C preprocessor (cpp)
ii  cpp-4.8                                   4.8.2-19ubuntu1                       amd64        GNU C preprocessor
ii  cpu-checker                               0.7-0ubuntu4                          amd64        tools to help evaluate certain CPU (or BIOS) features
ii  crda                                      1.1.2-1ubuntu2                        amd64        wireless Central Regulatory Domain Agent
ii  cron                                      3.0pl1-124ubuntu2                     amd64        process scheduling daemon
ii  cryptsetup                                2:1.6.1-1ubuntu1                      amd64        disk encryption support - startup scripts
ii  cryptsetup-bin                            2:1.6.1-1ubuntu1                      amd64        disk encryption support - command line tools
ii  curl                                      7.35.0-1ubuntu2.3                     amd64        command line tool for transferring data with URL syntax
ii  dash                                      0.5.7-4ubuntu1                        amd64        POSIX-compliant shell
ii  dbus                                      1.6.18-0ubuntu4.3                     amd64        simple interprocess messaging system (daemon and utilities)
ii  debconf                                   1.5.51ubuntu2                         all          Debian configuration management system
ii  debconf-i18n                              1.5.51ubuntu2                         all          full internationalization support for debconf
ii  debconf-utils                             1.5.51ubuntu2                         all          debconf utilities
ii  debianutils                               4.4                                   amd64        Miscellaneous utilities specific to Debian
ii  debootstrap                               1.0.59ubuntu0.2                       all          Bootstrap a basic Debian system
ii  dh-python                                 1.20140128-1ubuntu8                   all          Debian helper tools for packaging Python libraries and applications
ii  dialog                                    1.2-20130928-1                        amd64        Displays user-friendly dialog boxes from shell scripts
ii  diffutils                                 1:3.3-1                               amd64        File comparison utilities
ii  discover                                  2.1.2-5.2ubuntu1                      amd64        hardware identification system
ii  discover-data                             2.2013.01.11                          all          Data lists for Discover hardware detection system
ii  dmidecode                                 2.12-2                                amd64        SMBIOS/DMI table decoder
ii  dmsetup                                   2:1.02.77-6ubuntu2                    amd64        Linux Kernel Device Mapper userspace library
ii  dnsmasq-base                              2.68-1                                amd64        Small caching DNS proxy and DHCP/TFTP server
ii  dnsutils                                  1:9.9.5.dfsg-3ubuntu0.1               amd64        Clients provided with BIND
ii  dosfstools                                3.0.26-1                              amd64        utilities for making and checking MS-DOS FAT filesystems
ii  dpkg                                      1.17.5ubuntu5.3                       amd64        Debian package management system
ii  dpkg-dev                                  1.17.5ubuntu5.3                       all          Debian package development tools
ii  drbd8-utils                               2:8.4.4-1ubuntu1                      amd64        RAID 1 over TCP/IP for Linux (user utilities)
ii  dump                                      0.4b44-4                              amd64        4.4bsd dump and restore for ext2 filesystems
ii  e2fslibs:amd64                            1.42.9-3ubuntu1                       amd64        ext2/ext3/ext4 file system libraries
ii  e2fsprogs                                 1.42.9-3ubuntu1                       amd64        ext2/ext3/ext4 file system utilities
ii  ebtables                                  2.0.10.4-3ubuntu1                     amd64        Ethernet bridge frame table administration
ii  ed                                        1.9-2                                 amd64        classic UNIX line editor
ii  eject                                     2.1.5+deb1+cvs20081104-13.1           amd64        ejects CDs and operates CD-Changers under Linux
ii  ethtool                                   1:3.13-1                              amd64        display or change Ethernet device settings
ii  fai-client                                3.4.8ubuntu5                          all          Fully Automatic Installation client package
ii  fakeroot                                  1.20-3ubuntu2                         amd64        tool for simulating superuser privileges
ii  file                                      1:5.14-2ubuntu3.2                     amd64        Determines file type using "magic" numbers
ii  findutils                                 4.4.2-7                               amd64        utilities for finding files--find, xargs
ii  fontconfig-config                         2.11.0-0ubuntu4.1                     all          generic font configuration library - configuration
ii  fonts-dejavu-core                         2.34-1ubuntu1                         all          Vera font family derivate with additional characters
ii  fping                                     3.8-1                                 amd64        sends ICMP ECHO_REQUEST packets to network hosts
ii  friendly-recovery                         0.2.25                                all          Make recovery more user-friendly
ii  ftp                                       0.17-28                               amd64        classical file transfer client
ii  fuse                                      2.9.2-4ubuntu4                        amd64        Filesystem in Userspace
ii  g++                                       4:4.8.2-1ubuntu6                      amd64        GNU C++ compiler
ii  g++-4.8                                   4.8.2-19ubuntu1                       amd64        GNU C++ compiler
ii  ganeti                                    2.9.3-1                               all          Cluster-based virtualization management software
ii  ganeti-haskell                            2.9.3-1                               amd64        Cluster-based virtualization management software - Haskell components
ii  ganeti-htools                             2.9.3-1                               amd64        Cluster allocation tools for Ganeti
ii  ganeti-instance-debootstrap               0.14-2                                all          debootstrap-based instance OS definition for ganeti
ii  ganeti-instance-image                     0.5.1-1                               all          image based instance OS defintion for ganeti
ii  gawk                                      1:4.0.1+dfsg-2.1ubuntu2               amd64        GNU awk, a pattern scanning and processing language
ii  gcc                                       4:4.8.2-1ubuntu6                      amd64        GNU C compiler
ii  gcc-4.8                                   4.8.2-19ubuntu1                       amd64        GNU C compiler
ii  gcc-4.8-base:amd64                        4.8.2-19ubuntu1                       amd64        GCC, the GNU Compiler Collection (base package)
ii  gcc-4.9-base:amd64                        4.9.1-0ubuntu1                        amd64        GCC, the GNU Compiler Collection (base package)
ii  geoip-database                            20140313-1                            all          IP lookup command line tools that use the GeoIP library (country database)
ii  gettext-base                              0.18.3.1-1ubuntu3                     amd64        GNU Internationalization utilities for the base system
ii  ghc                                       7.6.3-10                              amd64        The Glasgow Haskell Compilation system
ii  ghostscript                               9.10~dfsg-0ubuntu10.2                 amd64        interpreter for the PostScript language and for PDF
ii  gir1.2-glib-2.0                           1.40.0-1ubuntu0.2                     amd64        Introspection data for GLib, GObject, Gio and GModule
ii  git                                       1:1.9.1-1ubuntu0.1                    amd64        fast, scalable, distributed revision control system
ii  git-man                                   1:1.9.1-1ubuntu0.1                    all          fast, scalable, distributed revision control system (manual pages)
ii  gnupg                                     1.4.16-1ubuntu2.1                     amd64        GNU privacy guard - a free PGP replacement
ii  gpgv                                      1.4.16-1ubuntu2.1                     amd64        GNU privacy guard - signature verification tool
ii  grep                                      2.16-1                                amd64        GNU grep, egrep and fgrep
ii  groff-base                                1.22.2-5                              amd64        GNU troff text-formatting system (base system components)
ii  grub-common                               2.02~beta2-9ubuntu1                   amd64        GRand Unified Bootloader (common files)
ii  grub-gfxpayload-lists                     0.6                                   amd64        GRUB gfxpayload blacklist
ii  grub-pc                                   2.02~beta2-9ubuntu1                   amd64        GRand Unified Bootloader, version 2 (PC/BIOS version)
ii  grub-pc-bin                               2.02~beta2-9ubuntu1                   amd64        GRand Unified Bootloader, version 2 (PC/BIOS binaries)
ii  grub2-common                              2.02~beta2-9ubuntu1                   amd64        GRand Unified Bootloader (common files for version 2)
ii  gsfonts                                   1:8.11+urwcyr1.0.7~pre44-4.2ubuntu1   all          Fonts for the Ghostscript interpreter(s)
ii  gzip                                      1.6-3ubuntu1                          amd64        GNU compression utilities
ii  hdparm                                    9.43-1ubuntu3                         amd64        tune hard disk parameters for high performance
ii  heirloom-mailx                            12.5-2                                amd64        feature-rich BSD mail(1)
ii  hostname                                  3.15ubuntu1                           amd64        utility to set/show the host name or domain name
ii  htop                                      1.0.2-3                               amd64        interactive processes viewer
ii  icoutils                                  0.31.0-2                              amd64        Create and extract MS Windows icons and cursors
ii  ifupdown                                  0.7.47.2ubuntu4.1                     amd64        high level tools to configure network interfaces
ii  info                                      5.2.0.dfsg.1-2                        amd64        Standalone GNU Info documentation browser
ii  init-system-helpers                       1.14                                  all          helper tools for all init systems
ii  initramfs-tools                           0.103ubuntu4.2                        all          tools for generating an initramfs
ii  initramfs-tools-bin                       0.103ubuntu4.2                        amd64        binaries used by initramfs-tools
ii  initscripts                               2.88dsf-41ubuntu6                     amd64        scripts for initializing and shutting down the system
ii  insserv                                   1.14.0-5ubuntu2                       amd64        boot sequence organizer using LSB init.d script dependency information
ii  install-info                              5.2.0.dfsg.1-2                        amd64        Manage installed documentation in info format
ii  installation-report                       2.54ubuntu1                           all          system installation report
ii  iproute                                   1:3.12.0-2                            all          transitional dummy package for iproute2
ii  iproute2                                  3.12.0-2                              amd64        networking and traffic control tools
ii  iptables                                  1.4.21-1ubuntu1                       amd64        administration tools for packet filtering and NAT
ii  iputils-arping                            3:20121221-4ubuntu1.1                 amd64        Tool to send ICMP echo requests to an ARP address
ii  iputils-ping                              3:20121221-4ubuntu1.1                 amd64        Tools to test the reachability of network hosts
ii  iputils-tracepath                         3:20121221-4ubuntu1.1                 amd64        Tools to trace the network path to a remote host
ii  ipxe-qemu                                 1.0.0+git-20131111.c3d1e78-2ubuntu1.1 all          PXE boot firmware - ROM images for qemu
ii  irqbalance                                1.0.6-2ubuntu0.14.04.1                amd64        Daemon to balance interrupts for SMP systems
ii  isc-dhcp-client                           4.2.4-7ubuntu12                       amd64        ISC DHCP client
ii  isc-dhcp-common                           4.2.4-7ubuntu12                       amd64        common files used by all the isc-dhcp* packages
ii  iso-codes                                 3.52-1                                all          ISO language, territory, currency, script codes and their translations
ii  jfsutils                                  1.1.15-2.1                            amd64        utilities for managing the JFS filesystem
ii  kamaki                                    0.13.1-1~precise                      all          command-line tool for managing clouds
ii  kbd                                       1.15.5-1ubuntu1                       amd64        Linux console font and keytable utilities
ii  keyboard-configuration                    1.70ubuntu8                           all          system-wide keyboard preferences
ii  klibc-utils                               2.0.3-0ubuntu1                        amd64        small utilities built with klibc for early boot
ii  kmod                                      15-0ubuntu6                           amd64        tools for managing Linux kernel modules
ii  kpartx                                    0.4.9-3ubuntu7.2                      amd64        create device mappings for partitions
ii  krb5-locales                              1.12+dfsg-2ubuntu4.2                  all          Internationalization support for MIT Kerberos
ii  krb5-multidev                             1.12+dfsg-2ubuntu4.2                  amd64        Development files for MIT Kerberos without Heimdal conflict
ii  language-pack-en                          1:14.04+20141110                      all          translation updates for language English
ii  language-pack-en-base                     1:14.04+20140707                      all          translations for language English
ii  language-selector-common                  0.129.3                               all          Language selector for Ubuntu
ii  laptop-detect                             0.13.7ubuntu2                         amd64        attempt to detect a laptop
ii  ldmtool                                   0.2.3-2ubuntu1                        amd64        tool for managing Microsoft Windows dynamic disks
ii  less                                      458-2                                 amd64        pager program similar to more
ii  libaccountsservice0:amd64                 0.6.35-0ubuntu7.1                     amd64        query and manipulate user account information - shared libraries
ii  libacl1:amd64                             2.2.52-1                              amd64        Access control list shared library
ii  libaio1:amd64                             0.3.109-4                             amd64        Linux kernel AIO access library - shared library
ii  libalgorithm-diff-perl                    1.19.02-3                             all          module to find differences between files
ii  libalgorithm-diff-xs-perl                 0.04-2build4                          amd64        module to find differences between files (XS accelerated)
ii  libalgorithm-merge-perl                   0.08-2                                all          Perl module for three-way merge of textual data
ii  libapparmor-perl                          2.8.95~2430-0ubuntu5.1                amd64        AppArmor library Perl bindings
ii  libapparmor1:amd64                        2.8.95~2430-0ubuntu5.1                amd64        changehat AppArmor library
ii  libapt-inst1.5:amd64                      1.0.1ubuntu2.6                        amd64        deb package format runtime library
ii  libapt-pkg-perl                           0.1.29build1                          amd64        Perl interface to libapt-pkg
ii  libapt-pkg4.12:amd64                      1.0.1ubuntu2.6                        amd64        package management runtime library
ii  libarchive-extract-perl                   0.70-1                                all          generic archive extracting module
ii  libasan0:amd64                            4.8.2-19ubuntu1                       amd64        AddressSanitizer -- a fast memory error detector
ii  libasn1-8-heimdal:amd64                   1.6~git20131207+dfsg-1ubuntu1         amd64        Heimdal Kerberos - ASN.1 library
ii  libasound2:amd64                          1.0.27.2-3ubuntu7                     amd64        shared library for ALSA applications
ii  libasound2-data                           1.0.27.2-3ubuntu7                     all          Configuration files and profiles for ALSA drivers
ii  libasprintf0c2:amd64                      0.18.3.1-1ubuntu3                     amd64        GNU library to use fprintf and friends in C++
ii  libasyncns0:amd64                         0.8-4ubuntu2                          amd64        Asynchronous name service query library
ii  libatomic1:amd64                          4.8.2-19ubuntu1                       amd64        support library providing __atomic built-in functions
ii  libattr1:amd64                            1:2.4.47-1ubuntu1                     amd64        Extended attribute shared library
ii  libaudit-common                           1:2.3.2-2ubuntu1                      all          Dynamic library for security auditing - common files
ii  libaudit1:amd64                           1:2.3.2-2ubuntu1                      amd64        Dynamic library for security auditing
ii  libaugeas0                                1.2.0-0ubuntu1.1                      amd64        Augeas configuration editing library and API
ii  libauthen-sasl-perl                       2.1500-1                              all          Authen::SASL - SASL Authentication framework
ii  libavahi-client3:amd64                    0.6.31-4ubuntu1                       amd64        Avahi client library
ii  libavahi-common-data:amd64                0.6.31-4ubuntu1                       amd64        Avahi common data files
ii  libavahi-common3:amd64                    0.6.31-4ubuntu1                       amd64        Avahi common library
ii  libbind9-90                               1:9.9.5.dfsg-3ubuntu0.1               amd64        BIND9 Shared Library used by BIND
ii  libblkid1:amd64                           2.20.1-5.1ubuntu20.3                  amd64        block device id library
ii  libbluetooth3:amd64                       4.101-0ubuntu13                       amd64        Library to use the BlueZ Linux Bluetooth stack
ii  libboost-iostreams1.54.0:amd64            1.54.0-4ubuntu3.1                     amd64        Boost.Iostreams Library
ii  libboost-system1.54.0:amd64               1.54.0-4ubuntu3.1                     amd64        Operating system (e.g. diagnostics support) library
ii  libboost-thread1.54.0:amd64               1.54.0-4ubuntu3.1                     amd64        portable C++ multi-threading
ii  libbrlapi0.6:amd64                        5.0-2ubuntu2                          amd64        braille display access via BRLTTY - shared library
ii  libbsd-dev                                0.6.0-2ubuntu1                        amd64        utility functions from BSD systems - development files
ii  libbsd0:amd64                             0.6.0-2ubuntu1                        amd64        utility functions from BSD systems - shared library
ii  libbz2-1.0:amd64                          1.0.6-5                               amd64        high-quality block-sorting file compressor library - runtime
ii  libc-bin                                  2.19-0ubuntu6.5                       amd64        Embedded GNU C Library: Binaries
ii  libc-dev-bin                              2.19-0ubuntu6.5                       amd64        Embedded GNU C Library: Development binaries
ii  libc6:amd64                               2.19-0ubuntu6.5                       amd64        Embedded GNU C Library: Shared libraries
ii  libc6-dev:amd64                           2.19-0ubuntu6.5                       amd64        Embedded GNU C Library: Development Libraries and Header Files
ii  libcaca0:amd64                            0.99.beta18-1ubuntu5                  amd64        colour ASCII art library
ii  libcap-ng0                                0.7.3-1ubuntu2                        amd64        An alternate POSIX capabilities library
ii  libcap2:amd64                             1:2.24-0ubuntu2                       amd64        support for getting/setting POSIX.1e capabilities
ii  libcap2-bin                               1:2.24-0ubuntu2                       amd64        basic utility programs for using capabilities
ii  libcgmanager0:amd64                       0.24-0ubuntu7.2                       amd64        Central cgroup manager daemon (client library)
ii  libck-connector0:amd64                    0.4.5-3.1ubuntu2                      amd64        ConsoleKit libraries
ii  libclass-accessor-perl                    0.34-1                                all          Perl module that automatically generates accessors
ii  libcloog-isl4:amd64                       0.18.2-1                              amd64        Chunky Loop Generator (runtime library)
ii  libcomerr2:amd64                          1.42.9-3ubuntu1                       amd64        common error description library
ii  libconfig-file-perl                       1.50-2                                all          Parses simple configuration files
ii  libconfig9:amd64                          1.4.9-2                               amd64        parsing/manipulation of structured configuration files
ii  libconfuse-common                         2.7-4ubuntu1                          all          Common files for libConfuse
ii  libconfuse0:amd64                         2.7-4ubuntu1                          amd64        Library for parsing configuration files
ii  libcryptsetup4                            2:1.6.1-1ubuntu1                      amd64        disk encryption support - shared library
ii  libcups2:amd64                            1.7.2-0ubuntu1.2                      amd64        Common UNIX Printing System(tm) - Core library
ii  libcupsfilters1:amd64                     1.0.52-0ubuntu1.2                     amd64        OpenPrinting CUPS Filters - Shared library
ii  libcupsimage2:amd64                       1.7.2-0ubuntu1.2                      amd64        Common UNIX Printing System(tm) - Raster image library
ii  libcurl3:amd64                            7.35.0-1ubuntu2.3                     amd64        easy-to-use client-side URL transfer library (OpenSSL flavour)
ii  libcurl3-gnutls:amd64                     7.35.0-1ubuntu2.3                     amd64        easy-to-use client-side URL transfer library (GnuTLS flavour)
ii  libcurl4-gnutls-dev:amd64                 7.35.0-1ubuntu2.3                     amd64        development files and documentation for libcurl (GnuTLS flavour)
ii  libcwidget3                               0.5.16-3.5ubuntu1                     amd64        high-level terminal interface library for C++ (runtime files)
ii  libdb5.3:amd64                            5.3.28-3ubuntu3                       amd64        Berkeley v5.3 Database Libraries [runtime]
ii  libdbus-1-3:amd64                         1.6.18-0ubuntu4.3                     amd64        simple interprocess messaging system (library)
ii  libdbus-glib-1-2:amd64                    0.100.2-1                             amd64        simple interprocess messaging system (GLib-based shared library)
ii  libdebconfclient0:amd64                   0.187ubuntu1                          amd64        Debian Configuration Management System (C-implementation library)
ii  libdevmapper-event1.02.1:amd64            2:1.02.77-6ubuntu2                    amd64        Linux Kernel Device Mapper event support library
ii  libdevmapper1.02.1:amd64                  2:1.02.77-6ubuntu2                    amd64        Linux Kernel Device Mapper userspace library
ii  libdiscover2                              2.1.2-5.2ubuntu1                      amd64        hardware identification library
ii  libdns100                                 1:9.9.5.dfsg-3ubuntu0.1               amd64        DNS Shared Library used by BIND
ii  libdpkg-perl                              1.17.5ubuntu5.3                       all          Dpkg perl modules
ii  libdrm2:amd64                             2.4.56-1~ubuntu1                      amd64        Userspace interface to kernel DRM services -- runtime
ii  libedit2:amd64                            3.1-20130712-2                        amd64        BSD editline and history libraries
ii  libelf1:amd64                             0.158-0ubuntu5.2                      amd64        library to read and write ELF files
ii  libencode-locale-perl                     1.03-1                                all          utility to determine the locale encoding
ii  libept1.4.12:amd64                        1.0.12                                amd64        High-level library for managing Debian package information
ii  liberror-perl                             0.17-1.1                              all          Perl module for error/exception handling in an OO-ish way
ii  libestr0                                  0.1.9-0ubuntu2                        amd64        Helper functions for handling strings (lib)
ii  libevent-2.0-5:amd64                      2.0.21-stable-1ubuntu1.14.04.1        amd64        Asynchronous event notification library
ii  libexpat1:amd64                           2.1.0-4ubuntu1                        amd64        XML parsing C library - runtime library
ii  libexpat1-dev:amd64                       2.1.0-4ubuntu1                        amd64        XML parsing C library - development kit
ii  libfakeroot:amd64                         1.20-3ubuntu2                         amd64        tool for simulating superuser privileges - shared libraries
ii  libfdt1:amd64                             1.4.0+dfsg-1                          amd64        Flat Device Trees manipulation library
ii  libffi-dev:amd64                          3.1~rc1+r3.0.13-12                    amd64        Foreign Function Interface library (development files)
ii  libffi6:amd64                             3.1~rc1+r3.0.13-12                    amd64        Foreign Function Interface library runtime
ii  libfile-fcntllock-perl                    0.14-2build1                          amd64        Perl module for file locking with fcntl(2)
ii  libfile-listing-perl                      6.04-1                                all          module to parse directory listings
ii  libflac8:amd64                            1.3.0-2ubuntu0.14.04.1                amd64        Free Lossless Audio Codec - runtime C library
ii  libfont-afm-perl                          1.20-1                                all          Font::AFM - Interface to Adobe Font Metrics files
ii  libfontconfig1:amd64                      2.11.0-0ubuntu4.1                     amd64        generic font configuration library - runtime
ii  libfreetype6:amd64                        2.5.2-1ubuntu2.2                      amd64        FreeType 2 font engine, shared library files
ii  libfribidi0:amd64                         0.19.6-1                              amd64        Free Implementation of the Unicode BiDi algorithm
ii  libfuse2:amd64                            2.9.2-4ubuntu4                        amd64        Filesystem in Userspace (library)
ii  libgcc-4.8-dev:amd64                      4.8.2-19ubuntu1                       amd64        GCC support library (development files)
ii  libgcc1:amd64                             1:4.9.1-0ubuntu1                      amd64        GCC support library
ii  libgck-1-0:amd64                          3.10.1-1                              amd64        Glib wrapper library for PKCS#11 - runtime
ii  libgcr-3-common                           3.10.1-1                              all          Library for Crypto UI related tasks - common files
ii  libgcr-base-3-1:amd64                     3.10.1-1                              amd64        Library for Crypto related tasks
ii  libgcrypt11:amd64                         1.5.3-2ubuntu4.1                      amd64        LGPL Crypto library - runtime library
ii  libgcrypt11-dev                           1.5.3-2ubuntu4.1                      amd64        LGPL Crypto library - development files
ii  libgdbm3:amd64                            1.8.3-12build1                        amd64        GNU dbm database routines (runtime version)
ii  libgeoip1:amd64                           1.6.0-1                               amd64        non-DNS IP-to-country resolver library
ii  libghc-curl-dev                           1.3.8-2                               amd64        GHC libraries for the libcurl Haskell bindings
ii  libghc-json-dev                           0.5-4build1                           amd64        Haskell library for serialising data to and from JSON
ii  libghc-mtl-dev                            2.1.2-4                               amd64        Haskell monad transformer library for GHC
ii  libghc-network-dev                        2.4.1.2-1build1                       amd64        Haskell network library for GHC
ii  libghc-parallel-dev                       3.2.0.3-3                             amd64        Haskell parallel programming library for GHC
ii  libghc-parsec3-dev                        3.1.3-3build1                         amd64        Haskell monadic parser combinator library for GHC
ii  libghc-syb-dev                            0.4.0-1                               amd64        Generic programming library for Haskell
ii  libghc-text-dev                           0.11.3.1-1                            amd64        efficient packed Unicode text type for Haskell
ii  libghc-transformers-dev                   0.3.0.0-5                             amd64        Haskell monad transformer library
ii  libgirepository-1.0-1                     1.40.0-1ubuntu0.2                     amd64        Library for handling GObject introspection data (runtime library)
ii  libglib2.0-0:amd64                        2.40.2-0ubuntu1                       amd64        GLib library of C routines
ii  libglib2.0-data                           2.40.2-0ubuntu1                       all          Common files for GLib library
ii  libgmp-dev:amd64                          2:5.1.3+dfsg-1ubuntu1                 amd64        Multiprecision arithmetic library developers tools
ii  libgmp10:amd64                            2:5.1.3+dfsg-1ubuntu1                 amd64        Multiprecision arithmetic library
ii  libgmpxx4ldbl:amd64                       2:5.1.3+dfsg-1ubuntu1                 amd64        Multiprecision arithmetic library (C++ bindings)
ii  libgnutls-dev                             2.12.23-12ubuntu2.1                   amd64        GNU TLS library - development files
ii  libgnutls-openssl27:amd64                 2.12.23-12ubuntu2.1                   amd64        GNU TLS library - OpenSSL wrapper
ii  libgnutls26:amd64                         2.12.23-12ubuntu2.1                   amd64        GNU TLS library - runtime library
ii  libgnutlsxx27:amd64                       2.12.23-12ubuntu2.1                   amd64        GNU TLS library - C++ runtime library
ii  libgomp1:amd64                            4.8.2-19ubuntu1                       amd64        GCC OpenMP (GOMP) support library
ii  libgpg-error-dev                          1.12-0.2ubuntu1                       amd64        library for common error values and messages in GnuPG components (development)
ii  libgpg-error0:amd64                       1.12-0.2ubuntu1                       amd64        library for common error values and messages in GnuPG components
ii  libgpm2:amd64                             1.20.4-6.1                            amd64        General Purpose Mouse - shared library
ii  libgs9                                    9.10~dfsg-0ubuntu10.2                 amd64        interpreter for the PostScript language and for PDF - Library
ii  libgs9-common                             9.10~dfsg-0ubuntu10.2                 all          interpreter for the PostScript language and for PDF - common files
ii  libgssapi-krb5-2:amd64                    1.12+dfsg-2ubuntu4.2                  amd64        MIT Kerberos runtime libraries - krb5 GSS-API Mechanism
ii  libgssapi3-heimdal:amd64                  1.6~git20131207+dfsg-1ubuntu1         amd64        Heimdal Kerberos - GSSAPI support library
ii  libgssglue1:amd64                         0.4-2ubuntu1                          amd64        mechanism-switch gssapi library
ii  libgssrpc4:amd64                          1.12+dfsg-2ubuntu4.2                  amd64        MIT Kerberos runtime libraries - GSS enabled ONCRPC
ii  libguestfs-perl                           1:1.24.5-1                            amd64        guest disk image management system - Perl bindings
ii  libguestfs-tools                          1:1.24.5-1                            amd64        guest disk image management system - tools
ii  libguestfs0:amd64                         1:1.24.5-1                            amd64        guest disk image management system - shared library
ii  libhcrypto4-heimdal:amd64                 1.6~git20131207+dfsg-1ubuntu1         amd64        Heimdal Kerberos - crypto library
ii  libheimbase1-heimdal:amd64                1.6~git20131207+dfsg-1ubuntu1         amd64        Heimdal Kerberos - Base library
ii  libheimntlm0-heimdal:amd64                1.6~git20131207+dfsg-1ubuntu1         amd64        Heimdal Kerberos - NTLM support library
ii  libhivex0:amd64                           1.3.9-2build1                         amd64        library for reading and writing Windows Registry hives
ii  libhtml-form-perl                         6.03-1                                all          module that represents an HTML form element
ii  libhtml-format-perl                       2.11-1                                all          module for transforming HTML into various formats
ii  libhtml-parser-perl                       3.71-1build1                          amd64        collection of modules that parse HTML text documents
ii  libhtml-tagset-perl                       3.20-2                                all          Data tables pertaining to HTML
ii  libhtml-tree-perl                         5.03-1                                all          Perl module to represent and create HTML syntax trees
ii  libhttp-cookies-perl                      6.00-2                                all          HTTP cookie jars
ii  libhttp-daemon-perl                       6.01-1                                all          simple http server class
ii  libhttp-date-perl                         6.02-1                                all          module of date conversion routines
ii  libhttp-message-perl                      6.06-1                                all          perl interface to HTTP style messages
ii  libhttp-negotiate-perl                    6.00-2                                all          implementation of content negotiation
ii  libhx509-5-heimdal:amd64                  1.6~git20131207+dfsg-1ubuntu1         amd64        Heimdal Kerberos - X509 support library
ii  libidn11:amd64                            1.28-1ubuntu2                         amd64        GNU Libidn library, implementation of IETF IDN specifications
ii  libidn11-dev                              1.28-1ubuntu2                         amd64        Development files for GNU Libidn, an IDN library
ii  libijs-0.35                               0.35-8build1                          amd64        IJS raster image transport protocol: shared library
ii  libintl-perl                              1.23-1build1                          all          Uniforum message translations system compatible i18n library
ii  libio-html-perl                           1.00-1                                all          open an HTML file with automatic charset detection
ii  libio-socket-inet6-perl                   2.71-1                                all          object interface for AF_INET6 domain sockets
ii  libio-socket-ssl-perl                     1.965-1ubuntu1                        all          Perl module implementing object oriented interface to SSL sockets
ii  libio-string-perl                         1.08-3                                all          Emulate IO::File interface for in-core strings
ii  libisc95                                  1:9.9.5.dfsg-3ubuntu0.1               amd64        ISC Shared Library used by BIND
ii  libisccc90                                1:9.9.5.dfsg-3ubuntu0.1               amd64        Command Channel Library used by BIND
ii  libisccfg90                               1:9.9.5.dfsg-3ubuntu0.1               amd64        Config File Handling Library used by BIND
ii  libisl10:amd64                            0.12.2-1                              amd64        manipulating sets and relations of integer points bounded by linear constraints
ii  libitm1:amd64                             4.8.2-19ubuntu1                       amd64        GNU Transactional Memory Library
ii  libjbig0:amd64                            2.0-2ubuntu4.1                        amd64        JBIGkit libraries
ii  libjbig2dec0                              0.11+20120125-1ubuntu1                amd64        JBIG2 decoder library - shared libraries
ii  libjpeg-turbo8:amd64                      1.3.0-0ubuntu2                        amd64        IJG JPEG compliant runtime library.
ii  libjpeg8:amd64                            8c-2ubuntu8                           amd64        Independent JPEG Group's JPEG runtime library (dependency package)
ii  libjs-jquery                              1.7.2+dfsg-2ubuntu1                   all          JavaScript library for dynamic web applications
ii  libjson-c2:amd64                          0.11-3ubuntu1.2                       amd64        JSON manipulation library - shared library
ii  libjson-glib-1.0-0:amd64                  0.16.2-1ubuntu1                       amd64        GLib JSON manipulation library
ii  libjson-glib-1.0-common                   0.16.2-1ubuntu1                       all          GLib JSON manipulation library (common files)
ii  libjson0:amd64                            0.11-3ubuntu1.2                       amd64        JSON manipulation library (transitional package)
ii  libk5crypto3:amd64                        1.12+dfsg-2ubuntu4.2                  amd64        MIT Kerberos runtime libraries - Crypto Library
ii  libkadm5clnt-mit9:amd64                   1.12+dfsg-2ubuntu4.2                  amd64        MIT Kerberos runtime libraries - Administration Clients
ii  libkadm5srv-mit9:amd64                    1.12+dfsg-2ubuntu4.2                  amd64        MIT Kerberos runtime libraries - KDC and Admin Server
ii  libkdb5-7:amd64                           1.12+dfsg-2ubuntu4.2                  amd64        MIT Kerberos runtime libraries - Kerberos database
ii  libkeyutils1:amd64                        1.5.6-1                               amd64        Linux Key Management Utilities (library)
ii  libklibc                                  2.0.3-0ubuntu1                        amd64        minimal libc subset for use with initramfs
ii  libkmod2:amd64                            15-0ubuntu6                           amd64        libkmod shared library
ii  libkrb5-26-heimdal:amd64                  1.6~git20131207+dfsg-1ubuntu1         amd64        Heimdal Kerberos - libraries
ii  libkrb5-3:amd64                           1.12+dfsg-2ubuntu4.2                  amd64        MIT Kerberos runtime libraries
ii  libkrb5-dev                               1.12+dfsg-2ubuntu4.2                  amd64        Headers and development libraries for MIT Kerberos
ii  libkrb5support0:amd64                     1.12+dfsg-2ubuntu4.2                  amd64        MIT Kerberos runtime libraries - Support library
ii  liblcms2-2:amd64                          2.5-0ubuntu4                          amd64        Little CMS 2 color management library
ii  libldap-2.4-2:amd64                       2.4.31-1+nmu2ubuntu8                  amd64        OpenLDAP libraries
ii  libldap2-dev:amd64                        2.4.31-1+nmu2ubuntu8                  amd64        OpenLDAP development libraries
ii  libldm-1.0-0                              0.2.3-2ubuntu1                        amd64        library for managing Microsoft Windows dynamic disks
ii  liblist-moreutils-perl                    0.33-1build3                          amd64        Perl module with additional list functions not found in List::Util
ii  liblocale-gettext-perl                    1.05-7build3                          amd64        module using libc functions for internationalization in Perl
ii  liblockfile-bin                           1.09-6ubuntu1                         amd64        support binaries for and cli utilities based on liblockfile
ii  liblockfile1:amd64                        1.09-6ubuntu1                         amd64        NFS-safe locking library
ii  liblog-message-simple-perl                0.10-1                                all          simplified interface to Log::Message
ii  liblwp-mediatypes-perl                    6.02-1                                all          module to guess media type for a file or a URL
ii  liblwp-protocol-https-perl                6.04-2ubuntu0.1                       all          HTTPS driver for LWP::UserAgent
ii  liblwres90                                1:9.9.5.dfsg-3ubuntu0.1               amd64        Lightweight Resolver Library used by BIND
ii  liblzma5:amd64                            5.1.1alpha+20120614-2ubuntu2          amd64        XZ-format compression library
ii  liblzo2-2:amd64                           2.06-1.2ubuntu1.1                     amd64        data compression library
ii  libmagic1:amd64                           1:5.14-2ubuntu3.2                     amd64        File type determination library using "magic" numbers
ii  libmailtools-perl                         2.12-1                                all          Manipulate email in perl programs
ii  libmnl0:amd64                             1.0.3-3ubuntu1                        amd64        minimalistic Netlink communication library
ii  libmodule-pluggable-perl                  5.1-1                                 all          module for giving  modules the ability to have plugins
ii  libmount1:amd64                           2.20.1-5.1ubuntu20.3                  amd64        block device id library
ii  libmpc3:amd64                             1.0.1-1ubuntu1                        amd64        multiple precision complex floating-point library
ii  libmpdec2:amd64                           2.4.0-6                               amd64        library for decimal floating point arithmetic (runtime library)
ii  libmpfr4:amd64                            3.1.2-1                               amd64        multiple precision floating-point computation
ii  libncurses5:amd64                         5.9+20140118-1ubuntu1                 amd64        shared libraries for terminal handling
ii  libncursesw5:amd64                        5.9+20140118-1ubuntu1                 amd64        shared libraries for terminal handling (wide character support)
ii  libnet-http-perl                          6.06-1                                all          module providing low-level HTTP connection client
ii  libnet-smtp-ssl-perl                      1.01-3                                all          Perl module providing SSL support to Net::SMTP
ii  libnet-ssleay-perl                        1.58-1                                amd64        Perl module for Secure Sockets Layer (SSL)
ii  libnetcf1                                 1:0.2.3-4ubuntu1                      amd64        cross-platform network configuration library
ii  libnetfilter-conntrack3:amd64             1.0.4-1                               amd64        Netfilter netlink-conntrack library
ii  libnetpbm10                               2:10.0-15ubuntu2                      amd64        Graphics conversion tools shared libraries
ii  libnewt0.52:amd64                         0.52.15-2ubuntu5                      amd64        Not Erik's Windowing Toolkit - text mode windowing with slang
ii  libnfnetlink0:amd64                       1.0.1-2                               amd64        Netfilter netlink library
ii  libnfsidmap2:amd64                        0.25-5                                amd64        NFS idmapping library
ii  libnih-dbus1:amd64                        1.0.3-4ubuntu25                       amd64        NIH D-Bus Bindings Library
ii  libnih1:amd64                             1.0.3-4ubuntu25                       amd64        NIH Utility Library
ii  libnl-3-200:amd64                         3.2.21-1                              amd64        library for dealing with netlink sockets
ii  libnl-genl-3-200:amd64                    3.2.21-1                              amd64        library for dealing with netlink sockets - generic netlink
ii  libnl-route-3-200:amd64                   3.2.21-1                              amd64        library for dealing with netlink sockets - route interface
ii  libnspr4:amd64                            2:4.10.7-0ubuntu0.14.04.1             amd64        NetScape Portable Runtime Library
ii  libnss3:amd64                             2:3.17.1-0ubuntu0.14.04.2             amd64        Network Security Service libraries
ii  libnss3-nssdb                             2:3.17.1-0ubuntu0.14.04.2             all          Network Security Security libraries - shared databases
ii  libnuma1:amd64                            2.0.9~rc5-1ubuntu2                    amd64        Libraries for controlling NUMA policy
ii  libogg0:amd64                             1.3.1-1ubuntu1                        amd64        Ogg bitstream library
ii  libp11-kit-dev                            0.20.2-2ubuntu2                       amd64        Library for loading and coordinating access to PKCS#11 modules - development
ii  libp11-kit0:amd64                         0.20.2-2ubuntu2                       amd64        Library for loading and coordinating access to PKCS#11 modules - runtime
ii  libpam-cap:amd64                          1:2.24-0ubuntu2                       amd64        PAM module for implementing capabilities
ii  libpam-modules:amd64                      1.1.8-1ubuntu2                        amd64        Pluggable Authentication Modules for PAM
ii  libpam-modules-bin                        1.1.8-1ubuntu2                        amd64        Pluggable Authentication Modules for PAM - helper binaries
ii  libpam-runtime                            1.1.8-1ubuntu2                        all          Runtime support for the PAM library
ii  libpam-systemd:amd64                      204-5ubuntu20.9                       amd64        system and service manager - PAM module
ii  libpam0g:amd64                            1.1.8-1ubuntu2                        amd64        Pluggable Authentication Modules library
ii  libpaper-utils                            1.1.24+nmu2ubuntu3                    amd64        library for handling paper characteristics (utilities)
ii  libpaper1:amd64                           1.1.24+nmu2ubuntu3                    amd64        library for handling paper characteristics
ii  libparse-debianchangelog-perl             1.2.0-1ubuntu1                        all          parse Debian changelogs and output them in other formats
ii  libparted0debian1:amd64                   2.3-19ubuntu1                         amd64        disk partition manipulator - shared library
ii  libpcap0.8:amd64                          1.5.3-2                               amd64        system interface for user-level packet capture
ii  libpci3:amd64                             1:3.2.1-1ubuntu5                      amd64        Linux PCI Utilities (shared library)
ii  libpciaccess0:amd64                       0.13.2-1                              amd64        Generic PCI access library for X
ii  libpcre3:amd64                            1:8.31-2ubuntu2                       amd64        Perl 5 Compatible Regular Expression Library - runtime files
ii  libpipeline1:amd64                        1.3.0-1                               amd64        pipeline manipulation library
ii  libpixman-1-0:amd64                       0.30.2-2ubuntu1                       amd64        pixel-manipulation library for X and cairo
ii  libplymouth2:amd64                        0.8.8-0ubuntu17.1                     amd64        graphical boot animation and logger - shared libraries
ii  libpng12-0:amd64                          1.2.50-1ubuntu2                       amd64        PNG library - runtime
ii  libpod-latex-perl                         0.61-1                                all          module to convert Pod data to formatted LaTeX
ii  libpolkit-gobject-1-0:amd64               0.105-4ubuntu2                        amd64        PolicyKit Authorization API
ii  libpopt0:amd64                            1.16-8ubuntu1                         amd64        lib for parsing cmdline parameters
ii  libprocps3:amd64                          1:3.3.9-1ubuntu2                      amd64        library for accessing process information from /proc
ii  libpulse0:amd64                           1:4.0-0ubuntu11                       amd64        PulseAudio client libraries
ii  libpython-dev:amd64                       2.7.5-5ubuntu3                        amd64        header files and a static library for Python (default)
ii  libpython-stdlib:amd64                    2.7.5-5ubuntu3                        amd64        interactive high-level object-oriented language (default python version)
ii  libpython2.7:amd64                        2.7.6-8                               amd64        Shared Python runtime library (version 2.7)
ii  libpython2.7-dev:amd64                    2.7.6-8                               amd64        Header files and a static library for Python (v2.7)
ii  libpython2.7-minimal:amd64                2.7.6-8                               amd64        Minimal subset of the Python language (version 2.7)
ii  libpython2.7-stdlib:amd64                 2.7.6-8                               amd64        Interactive high-level object-oriented language (standard library, version 2.7)
ii  libpython3-stdlib:amd64                   3.4.0-0ubuntu2                        amd64        interactive high-level object-oriented language (default python3 version)
ii  libpython3.4-minimal:amd64                3.4.0-2ubuntu1                        amd64        Minimal subset of the Python language (version 3.4)
ii  libpython3.4-stdlib:amd64                 3.4.0-2ubuntu1                        amd64        Interactive high-level object-oriented language (standard library, version 3.4)
ii  libquadmath0:amd64                        4.8.2-19ubuntu1                       amd64        GCC Quad-Precision Math Library
ii  librados2                                 0.80.7-0ubuntu0.14.04.1               amd64        RADOS distributed object store client library
ii  librbd1                                   0.80.7-0ubuntu0.14.04.1               amd64        RADOS block device client library
ii  libreadline5:amd64                        5.2+dfsg-2                            amd64        GNU readline and history libraries, run-time libraries
ii  libreadline6:amd64                        6.3-4ubuntu2                          amd64        GNU readline and history libraries, run-time libraries
ii  libregexp-assemble-perl                   0.35-8                                all          Perl module that assemble multiple regexps into a single one
ii  libroken18-heimdal:amd64                  1.6~git20131207+dfsg-1ubuntu1         amd64        Heimdal Kerberos - roken support library
ii  librtmp-dev                               2.4+20121230.gitdf6c518-1             amd64        toolkit for RTMP streams (development files)
ii  librtmp0:amd64                            2.4+20121230.gitdf6c518-1             amd64        toolkit for RTMP streams (shared library)
ii  libsasl2-2:amd64                          2.1.25.dfsg1-17build1                 amd64        Cyrus SASL - authentication abstraction library
ii  libsasl2-modules:amd64                    2.1.25.dfsg1-17build1                 amd64        Cyrus SASL - pluggable authentication modules
ii  libsasl2-modules-db:amd64                 2.1.25.dfsg1-17build1                 amd64        Cyrus SASL - pluggable authentication modules (DB)
ii  libsdl1.2debian:amd64                     1.2.15-8ubuntu1.1                     amd64        Simple DirectMedia Layer
ii  libseccomp2:amd64                         2.1.0+dfsg-1                          amd64        high level interface to Linux seccomp filter
ii  libselinux1:amd64                         2.2.2-1ubuntu0.1                      amd64        SELinux runtime shared libraries
ii  libsemanage-common                        2.2-1                                 all          Common files for SELinux policy management libraries
ii  libsemanage1:amd64                        2.2-1                                 amd64        SELinux policy management library
ii  libsepol1:amd64                           2.2-1ubuntu0.1                        amd64        SELinux library for manipulating binary security policies
ii  libsigc++-2.0-0c2a:amd64                  2.2.10-0.2ubuntu2                     amd64        type-safe Signal Framework for C++ - runtime
ii  libsigsegv2:amd64                         2.10-2                                amd64        Library for handling page faults in a portable way
ii  libslang2:amd64                           2.2.4-15ubuntu1                       amd64        S-Lang programming library - runtime version
ii  libsndfile1:amd64                         1.0.25-7ubuntu2                       amd64        Library for reading/writing audio files
ii  libsocket6-perl                           0.25-1                                amd64        Perl extensions for IPv6
ii  libspice-server1:amd64                    0.12.4-0nocelt2                       amd64        Implements the server side of the SPICE protocol
ii  libsqlite3-0:amd64                        3.8.2-1ubuntu2                        amd64        SQLite 3 shared library
ii  libss2:amd64                              1.42.9-3ubuntu1                       amd64        command-line interface parsing library
ii  libssl1.0.0:amd64                         1.0.1f-1ubuntu2.8                     amd64        Secure Sockets Layer toolkit - shared libraries
ii  libstdc++-4.8-dev:amd64                   4.8.2-19ubuntu1                       amd64        GNU Standard C++ Library v3 (development files)
ii  libstdc++6:amd64                          4.8.2-19ubuntu1                       amd64        GNU Standard C++ Library v3
ii  libstring-shellquote-perl                 1.03-1                                all          quote strings for passing through the shell
ii  libsub-name-perl                          0.05-1build4                          amd64        module for assigning a new name to referenced sub
ii  libsys-virt-perl                          1.2.1-1                               amd64        Perl module providing an extension for the libvirt library
ii  libsystemd-daemon0:amd64                  204-5ubuntu20.9                       amd64        systemd utility library
ii  libsystemd-login0:amd64                   204-5ubuntu20.9                       amd64        systemd login utility library
ii  libtasn1-6:amd64                          3.4-3ubuntu0.1                        amd64        Manage ASN.1 structures (runtime)
ii  libtasn1-6-dev                            3.4-3ubuntu0.1                        amd64        Manage ASN.1 structures (development)
ii  libterm-ui-perl                           0.42-1                                all          Term::ReadLine UI made easy
ii  libtext-charwidth-perl                    0.04-7build3                          amd64        get display widths of characters on the terminal
ii  libtext-iconv-perl                        1.7-5build2                           amd64        converts between character sets in Perl
ii  libtext-soundex-perl                      3.4-1build1                           amd64        implementation of the soundex algorithm
ii  libtext-wrapi18n-perl                     0.06-7                                all          internationalized substitute of Text::Wrap
ii  libtiff5:amd64                            4.0.3-7ubuntu0.1                      amd64        Tag Image File Format (TIFF) library
ii  libtimedate-perl                          2.3000-1                              all          collection of modules to manipulate date/time information
ii  libtinfo5:amd64                           5.9+20140118-1ubuntu1                 amd64        shared low-level terminfo library for terminal handling
ii  libtirpc1:amd64                           0.2.2-5ubuntu2                        amd64        transport-independent RPC library
ii  libtsan0:amd64                            4.8.2-19ubuntu1                       amd64        ThreadSanitizer -- a Valgrind-based detector of data races (runtime)
ii  libudev1:amd64                            204-5ubuntu20.9                       amd64        libudev shared library
ii  liburi-perl                               1.60-1                                all          module to manipulate and access URI strings
ii  libusb-0.1-4:amd64                        2:0.1.12-23.3ubuntu1                  amd64        userspace USB programming library
ii  libusb-1.0-0:amd64                        2:1.0.17-1ubuntu2                     amd64        userspace USB programming library
ii  libusbredirparser1:amd64                  0.6-2ubuntu1                          amd64        Parser for the usbredir protocol (runtime)
ii  libustr-1.0-1:amd64                       1.0.4-3ubuntu2                        amd64        Micro string library: shared library
ii  libuuid1:amd64                            2.20.1-5.1ubuntu20.3                  amd64        Universally Unique ID library
ii  libvirt-bin                               1.2.2-0ubuntu13.1.9                   amd64        programs for the libvirt library
ii  libvirt0                                  1.2.2-0ubuntu13.1.9                   amd64        library for interfacing with different virtualization systems
ii  libvorbis0a:amd64                         1.3.2-1.3ubuntu1                      amd64        The Vorbis General Audio Compression Codec (Decoder library)
ii  libvorbisenc2:amd64                       1.3.2-1.3ubuntu1                      amd64        The Vorbis General Audio Compression Codec (Encoder library)
ii  libwin-hivex-perl                         1.3.9-2build1                         amd64        Perl bindings to hivex
ii  libwind0-heimdal:amd64                    1.6~git20131207+dfsg-1ubuntu1         amd64        Heimdal Kerberos - stringprep implementation
ii  libwrap0:amd64                            7.6.q-25                              amd64        Wietse Venema's TCP wrappers library
ii  libwww-perl                               6.05-2                                all          simple and consistent interface to the world-wide web
ii  libwww-robotrules-perl                    6.01-1                                all          database of robots.txt-derived permissions
ii  libx11-6:amd64                            2:1.6.2-1ubuntu2                      amd64        X11 client-side library
ii  libx11-data                               2:1.6.2-1ubuntu2                      all          X11 client-side library
ii  libx86-1:amd64                            1.1+ds1-10                            amd64        x86 real-mode library
ii  libxapian22                               1.2.16-2ubuntu1                       amd64        Search engine library
ii  libxau6:amd64                             1:1.0.8-1                             amd64        X11 authorisation library
ii  libxcb1:amd64                             1.10-2ubuntu1                         amd64        X C Binding
ii  libxdmcp6:amd64                           1:1.1.1-1                             amd64        X11 Display Manager Control Protocol library
ii  libxen-4.4                                4.4.1-0ubuntu0.14.04.3                amd64        Public libs for Xen
ii  libxenstore3.0                            4.4.1-0ubuntu0.14.04.3                amd64        Xenstore communications library for Xen
ii  libxext6:amd64                            2:1.3.2-1                             amd64        X11 miscellaneous extension library
ii  libxml-parser-perl                        2.41-1build3                          amd64        Perl module for parsing XML files
ii  libxml-xpath-perl                         1.13-7                                all          Perl module for processing XPath
ii  libxml2:amd64                             2.9.1+dfsg1-3ubuntu4.4                amd64        GNOME XML library
ii  libxml2-utils                             2.9.1+dfsg1-3ubuntu4.4                amd64        XML utilities
ii  libxmuu1:amd64                            2:1.1.1-1                             amd64        X11 miscellaneous micro-utility library
ii  libxslt1.1:amd64                          1.1.28-2build1                        amd64        XSLT 1.0 processing library - runtime library
ii  libxtables10                              1.4.21-1ubuntu1                       amd64        netfilter xtables library
ii  libyajl2:amd64                            2.0.4-4                               amd64        Yet Another JSON Library
ii  linux-firmware                            1.127.11                              all          Firmware for Linux kernel drivers
ii  linux-generic                             3.13.0.44.51                          amd64        Complete Generic Linux kernel and headers
ii  linux-headers-3.13.0-44                   3.13.0-44.73                          all          Header files related to Linux kernel version 3.13.0
ii  linux-headers-3.13.0-44-generic           3.13.0-44.73                          amd64        Linux kernel headers for version 3.13.0 on 64 bit x86 SMP
ii  linux-headers-generic                     3.13.0.44.51                          amd64        Generic Linux kernel headers
ii  linux-image-3.13.0-44-generic             3.13.0-44.73                          amd64        Linux kernel image for version 3.13.0 on 64 bit x86 SMP
ii  linux-image-extra-3.13.0-44-generic       3.13.0-44.73                          amd64        Linux kernel extra modules for version 3.13.0 on 64 bit x86 SMP
ii  linux-image-extra-virtual                 3.13.0.44.51                          amd64        Transitional package.
ii  linux-image-generic                       3.13.0.44.51                          amd64        Generic Linux kernel image
ii  linux-libc-dev:amd64                      3.13.0-44.73                          amd64        Linux Kernel Headers for development
ii  locales                                   2.13+git20120306-12.1                 all          common files for locale support
ii  lockfile-progs                            0.1.17                                amd64        Programs for locking and unlocking files and mailboxes
ii  login                                     1:4.1.5.1-1ubuntu9                    amd64        system login tools
ii  logrotate                                 3.8.7-1ubuntu1                        amd64        Log rotation utility
ii  lsb-base                                  4.1+Debian11ubuntu6                   all          Linux Standard Base 4.1 init script functionality
ii  lsb-release                               4.1+Debian11ubuntu6                   all          Linux Standard Base version reporting utility
ii  lshw                                      02.16-2ubuntu1.2                      amd64        information about hardware configuration
ii  lsof                                      4.86+dfsg-1ubuntu2                    amd64        Utility to list open files
ii  ltrace                                    0.7.3-4ubuntu5.1                      amd64        Tracks runtime library calls in dynamically linked programs
ii  lvm2                                      2.02.98-6ubuntu2                      amd64        Linux Logical Volume Manager
ii  m4                                        1.4.17-2ubuntu1                       amd64        a macro processing language
ii  make                                      3.81-8.2ubuntu3                       amd64        An utility for Directing compilation.
ii  makedev                                   2.3.1-93ubuntu1                       all          creates device files in /dev
ii  man-db                                    2.6.7.1-1ubuntu1                      amd64        on-line manual pager
ii  manpages                                  3.54-1ubuntu1                         all          Manual pages about using a GNU/Linux system
ii  manpages-dev                              3.54-1ubuntu1                         all          Manual pages about using GNU/Linux for development
ii  mawk                                      1.3.3-17ubuntu2                       amd64        a pattern scanning and text processing language
ii  mbr                                       1.1.11-5                              amd64        Master Boot Record for IBM-PC compatible computers.
ii  mime-support                              3.54ubuntu1.1                         all          MIME files 'mime.types' & 'mailcap', and support programs
ii  mlocate                                   0.26-1ubuntu1                         amd64        quickly find files on the filesystem based on their name
ii  module-init-tools                         15-0ubuntu6                           all          transitional dummy package (module-init-tools to kmod)
ii  mount                                     2.20.1-5.1ubuntu20.3                  amd64        Tools for mounting and manipulating filesystems
ii  mountall                                  2.53                                  amd64        filesystem mounting tool
ii  msr-tools                                 1.3-2                                 amd64        Utilities for modifying MSRs from userspace
ii  mtr-tiny                                  0.85-2                                amd64        Full screen ncurses traceroute tool
ii  multiarch-support                         2.19-0ubuntu6.5                       amd64        Transitional package to ensure multiarch compatibility
ii  nano                                      2.2.6-1ubuntu1                        amd64        small, friendly text editor inspired by Pico
ii  ncurses-base                              5.9+20140118-1ubuntu1                 all          basic terminal type definitions
ii  ncurses-bin                               5.9+20140118-1ubuntu1                 amd64        terminal-related programs and man pages
ii  ncurses-term                              5.9+20140118-1ubuntu1                 all          additional terminal type definitions
ii  ndisc6                                    1.0.1-1ubuntu1                        amd64        IPv6 diagnostic tools
ii  net-tools                                 1.60-25ubuntu2.1                      amd64        The NET-3 networking toolkit
ii  netbase                                   5.2                                   all          Basic TCP/IP networking system
ii  netcat-openbsd                            1.105-7ubuntu1                        amd64        TCP/IP swiss army knife
ii  netpbm                                    2:10.0-15ubuntu2                      amd64        Graphics conversion tools between image formats
ii  nfs-common                                1:1.2.8-6ubuntu1.1                    amd64        NFS support files common to client and server
ii  ntfs-3g                                   1:2013.1.13AR.1-2ubuntu2              amd64        read/write NTFS driver for FUSE
ii  ntpdate                                   1:4.2.6.p5+dfsg-3ubuntu2.14.04.1      amd64        client for setting system time from NTP servers
ii  openssh-client                            1:6.6p1-2ubuntu2                      amd64        secure shell (SSH) client, for secure access to remote machines
ii  openssh-server                            1:6.6p1-2ubuntu2                      amd64        secure shell (SSH) server, for secure access from remote machines
ii  openssh-sftp-server                       1:6.6p1-2ubuntu2                      amd64        secure shell (SSH) sftp server module, for SFTP access from remote machines
ii  openssl                                   1.0.1f-1ubuntu2.8                     amd64        Secure Sockets Layer toolkit - cryptographic utility
ii  os-prober                                 1.63ubuntu1                           amd64        utility to detect other OSes on a set of drives
ii  parted                                    2.3-19ubuntu1                         amd64        disk partition manipulator
ii  passwd                                    1:4.1.5.1-1ubuntu9                    amd64        change and administer password and group data
ii  patch                                     2.7.1-4ubuntu1                        amd64        Apply a diff file to an original
ii  pciutils                                  1:3.2.1-1ubuntu5                      amd64        Linux PCI Utilities
ii  perl                                      5.18.2-2ubuntu1                       amd64        Larry Wall's Practical Extraction and Report Language
ii  perl-base                                 5.18.2-2ubuntu1                       amd64        minimal Perl system
ii  perl-modules                              5.18.2-2ubuntu1                       all          Core Perl modules
ii  pkg-config                                0.26-1ubuntu4                         amd64        manage compile and link flags for libraries
ii  plymouth                                  0.8.8-0ubuntu17.1                     amd64        graphical boot animation and logger - main package
ii  plymouth-theme-ubuntu-text                0.8.8-0ubuntu17.1                     amd64        graphical boot animation and logger - ubuntu-logo theme
ii  pm-utils                                  1.4.1-13ubuntu0.1                     all          utilities and scripts for power management
ii  poppler-data                              0.4.6-4                               all          encoding data for the poppler PDF rendering library
ii  popularity-contest                        1.57ubuntu1                           all          Vote for your favourite packages automatically
ii  powermgmt-base                            1.31build1                            amd64        Common utils and configs for power management
ii  ppp                                       2.4.5-5.1ubuntu2.1                    amd64        Point-to-Point Protocol (PPP) - daemon
ii  pppconfig                                 2.3.19ubuntu1                         all          A text menu based utility for configuring ppp
ii  pppoeconf                                 1.20ubuntu1                           all          configures PPPoE/ADSL connections
ii  procps                                    1:3.3.9-1ubuntu2                      amd64        /proc file system utilities
ii  psmisc                                    22.20-1ubuntu2                        amd64        utilities that use the proc file system
ii  python                                    2.7.5-5ubuntu3                        amd64        interactive high-level object-oriented language (default version)
ii  python-ansicolors                         1.0.1-1ubuntu3                        all          ANSI colors for Python
ii  python-apt                                0.9.3.5ubuntu1                        amd64        Python interface to libapt-pkg
ii  python-apt-common                         0.9.3.5ubuntu1                        all          Python interface to libapt-pkg (locales)
ii  python-astakosclient                      0.15.2-1~precise                      all          Synnefo Astakos Client
ii  python-bitarray                           0.8.0-2build4                         amd64        Python module for efficient boolean array handling
ii  python-chardet                            2.0.1-2build2                         all          universal character encoding detector
ii  python-crypto                             2.6.1-4build1                         amd64        cryptographic algorithms and protocols for Python
ii  python-dateutil                           1.5+dfsg-1ubuntu1                     all          powerful extensions to the standard datetime module
ii  python-debian                             0.1.21+nmu2ubuntu2                    all          Python modules to work with Debian-related data formats
ii  python-dev                                2.7.5-5ubuntu3                        amd64        header files and a static library for Python (default)
ii  python-dialog                             2.7-1                                 all          Python module for making simple Text/Console-mode user interfaces
ii  python-guestfs                            1:1.24.5-1                            amd64        guest disk image management system - Python bindings
ii  python-hivex                              1.3.9-2build1                         amd64        Python bindings for hivex
ii  python-ipaddr                             2.1.10-1                              all          Python module for working with IP addresses, both IPv4 and IPv6
ii  python-minimal                            2.7.5-5ubuntu3                        amd64        minimal subset of the Python language (default version)
ii  python-objpool                            0.4-1~precise                         all          Object pool library for python
ii  python-openssl                            0.13-2ubuntu6                         amd64        Python 2 wrapper around the OpenSSL library
ii  python-paramiko                           1.10.1-1git1build1                    all          Make ssh v2 connections with Python (Python 2)
ii  python-parted                             3.6-6                                 amd64        Python interface for libparted
ii  python-pkg-resources                      3.3-1ubuntu1                          all          Package Discovery and Resource Access using pkg_resources
ii  python-prctl                              1.1.1-1.1                             amd64        Python interface to the prctl() syscall
ii  python-progress                           1.1-0ubuntu1                          all          Easy to use progress bars for Python.
ii  python-psutil                             1.2.1-1ubuntu2                        amd64        module providing convenience functions for managing processes
ii  python-pycurl                             7.19.3-0ubuntu3                       amd64        Python bindings to libcurl
ii  python-pyinotify                          0.9.4-1build1                         all          simple Linux inotify Python bindings
ii  python-pyparsing                          2.0.1+dfsg1-1build1                   all          Python parsing module
ii  python-requests                           2.2.1-1ubuntu0.1                      all          elegant and simple HTTP library for Python, built for human beings
ii  python-scapy                              2.2.0-1                               all          Packet generator/sniffer and network scanner/discovery
ii  python-sendfile                           2.0.0-6ubuntu1                        amd64        Python interface to sendfile(2)
ii  python-setuptools                         3.3-1ubuntu1                          all          Python Distutils Enhancements (setuptools compatibility)
ii  python-sh                                 1.08-0ubuntu1                         all          Python subprocess interface
ii  python-simplejson                         3.3.1-1ubuntu6                        amd64        simple, fast, extensible JSON encoder/decoder for Python
ii  python-six                                1.5.2-1                               all          Python 2 and 3 compatibility library (Python 2 interface)
ii  python-support                            1.0.15                                all          automated rebuilding support for Python modules
ii  python-urllib3                            1.7.1-1build1                         all          HTTP library with thread-safe connection pooling for Python
ii  python-xapian                             1.2.16-2ubuntu1                       amd64        Xapian search engine interface for Python
ii  python2.7                                 2.7.6-8                               amd64        Interactive high-level object-oriented language (version 2.7)
ii  python2.7-dev                             2.7.6-8                               amd64        Header files and a static library for Python (v2.7)
ii  python2.7-minimal                         2.7.6-8                               amd64        Minimal subset of the Python language (version 2.7)
ii  python3                                   3.4.0-0ubuntu2                        amd64        interactive high-level object-oriented language (default python3 version)
ii  python3-apt                               0.9.3.5ubuntu1                        amd64        Python 3 interface to libapt-pkg
ii  python3-commandnotfound                   0.3ubuntu12                           all          Python 3 bindings for command-not-found.
ii  python3-dbus                              1.2.0-2build2                         amd64        simple interprocess messaging system (Python 3 interface)
ii  python3-distupgrade                       1:0.220.6                             all          manage release upgrades
ii  python3-gdbm:amd64                        3.4.0-0ubuntu1                        amd64        GNU dbm database support for Python 3.x
ii  python3-gi                                3.12.0-1ubuntu1                       amd64        Python 3 bindings for gobject-introspection libraries
ii  python3-minimal                           3.4.0-0ubuntu2                        amd64        minimal subset of the Python language (default python3 version)
ii  python3-pycurl                            7.19.3-0ubuntu3                       amd64        Python 3 bindings to libcurl
ii  python3-software-properties               0.92.37.3                             all          manage the repositories that you install software from
ii  python3-update-manager                    1:0.196.12                            all          python 3.x module for update-manager
ii  python3.4                                 3.4.0-2ubuntu1                        amd64        Interactive high-level object-oriented language (version 3.4)
ii  python3.4-minimal                         3.4.0-2ubuntu1                        amd64        Minimal subset of the Python language (version 3.4)
ii  qemu-keymaps                              2.0.0+dfsg-2ubuntu1.10                all          QEMU keyboard maps
ii  qemu-kvm                                  2.0.0+dfsg-2ubuntu1.10                amd64        QEMU Full virtualization on x86 hardware (transitional package)
ii  qemu-system-common                        2.0.0+dfsg-2ubuntu1.10                amd64        QEMU full system emulation binaries (common files)
ii  qemu-system-x86                           2.0.0+dfsg-2ubuntu1.10                amd64        QEMU full system emulation binaries (x86)
ii  qemu-utils                                2.0.0+dfsg-2ubuntu1.10                amd64        QEMU utilities
ii  readline-common                           6.3-4ubuntu2                          all          GNU readline and history libraries, common files
ii  reiserfsprogs                             1:3.6.24-1                            amd64        User-level tools for ReiserFS filesystems
ii  resolvconf                                1.69ubuntu1.1                         all          name server information handler
ii  rpcbind                                   0.2.1-2ubuntu2.1                      amd64        converts RPC program numbers into universal addresses
ii  rsync                                     3.1.0-2ubuntu0.1                      amd64        fast, versatile, remote (and local) file-copying tool
ii  rsyslog                                   7.4.4-1ubuntu2.3                      amd64        reliable system and kernel logging daemon
ii  scrub                                     2.5.2-2                               amd64        writes patterns on magnetic media to thwart data recovery
ii  seabios                                   1.7.4-4                               all          Legacy BIOS implementation
ii  sed                                       4.2.2-4ubuntu1                        amd64        The GNU sed stream editor
ii  sensible-utils                            0.0.9                                 all          Utilities for sensible alternative selection
ii  sgml-base                                 1.26+nmu4ubuntu1                      all          SGML infrastructure and SGML catalog file support
ii  shared-mime-info                          1.2-0ubuntu3                          amd64        FreeDesktop.org shared MIME database and spec
ii  sharutils                                 1:4.14-1ubuntu1                       amd64        shar, unshar, uuencode, uudecode
ii  snf-image                                 0.17-1~trusty                         all          Image Based Ganeti OS Provider
ii  snf-image-creator                         0.8.1-1~precise                       all          Synnefo Image Creator
ii  socat                                     1.7.2.3-1                             amd64        multipurpose relay for bidirectional data transfer
ii  software-properties-common                0.92.37.3                             all          manage the repositories that you install software from (common)
ii  ssh                                       1:6.6p1-2ubuntu2                      all          secure shell client and server (metapackage)
ii  ssh-import-id                             3.21-0ubuntu1                         all          securely retrieve an SSH public key and install it locally
ii  strace                                    4.8-1ubuntu5                          amd64        A system call tracer
ii  sudo                                      1.8.9p5-1ubuntu1                      amd64        Provide limited super user privileges to specific users
ii  supermin                                  4.1.6-1                               amd64        tool for building supermin appliances.
ii  systemd-services                          204-5ubuntu20.9                       amd64        systemd runtime services
ii  systemd-shim                              6-2bzr1                               amd64        shim for systemd
ii  sysv-rc                                   2.88dsf-41ubuntu6                     all          System-V-like runlevel change mechanism
ii  sysvinit-utils                            2.88dsf-41ubuntu6                     amd64        System-V-like utilities
ii  tar                                       1.27.1-1                              amd64        GNU version of the tar archiving utility
ii  tasksel                                   2.88ubuntu15                          all          Tool for selecting tasks for installation on Debian systems
ii  tasksel-data                              2.88ubuntu15                          all          Official tasks used for installation of Debian systems
ii  tcpd                                      7.6.q-25                              amd64        Wietse Venema's TCP wrapper utilities
ii  tcpdump                                   4.5.1-2ubuntu1.1                      amd64        command-line network traffic analyzer
ii  telnet                                    0.17-36build2                         amd64        The telnet client
ii  time                                      1.7-24                                amd64        GNU time program for measuring CPU resource usage
ii  tzdata                                    2014i-0ubuntu0.14.04                  all          time zone and daylight-saving time data
ii  ubuntu-keyring                            2012.05.19                            all          GnuPG keys of the Ubuntu archive
ii  ubuntu-minimal                            1.325                                 amd64        Minimal core of Ubuntu
ii  ubuntu-release-upgrader-core              1:0.220.6                             all          manage release upgrades
ii  ubuntu-standard                           1.325                                 amd64        The Ubuntu standard system
ii  ucf                                       3.0027+nmu1                           all          Update Configuration File(s): preserve user changes to config files
ii  udev                                      204-5ubuntu20.9                       amd64        /dev/ and hotplug management daemon
ii  ufw                                       0.34~rc-0ubuntu2                      all          program for managing a Netfilter firewall
ii  unattended-upgrades                       0.82.1ubuntu2                         all          automatic installation of security upgrades
ii  update-manager-core                       1:0.196.12                            all          manage release upgrades
ii  upstart                                   1.12.1-0ubuntu4.2                     amd64        event-based init daemon
ii  ureadahead                                0.100.0-16                            amd64        Read required files in advance
ii  usbutils                                  1:007-2ubuntu1                        amd64        Linux USB utilities
ii  util-linux                                2.20.1-5.1ubuntu20.3                  amd64        Miscellaneous system utilities
ii  uuid-runtime                              2.20.1-5.1ubuntu20.3                  amd64        runtime components for the Universally Unique ID library
ii  vbetool                                   1.1-3                                 amd64        run real-mode video BIOS code to alter hardware state
ii  vim                                       2:7.4.052-1ubuntu3                    amd64        Vi IMproved - enhanced vi editor
ii  vim-common                                2:7.4.052-1ubuntu3                    amd64        Vi IMproved - Common files
ii  vim-runtime                               2:7.4.052-1ubuntu3                    all          Vi IMproved - Runtime files
ii  vim-tiny                                  2:7.4.052-1ubuntu3                    amd64        Vi IMproved - enhanced vi editor - compact version
ii  watershed                                 7                                     amd64        reduce superfluous executions of idempotent command
ii  wget                                      1.15-1ubuntu1.14.04.1                 amd64        retrieves files from the web
ii  whiptail                                  0.52.15-2ubuntu5                      amd64        Displays user-friendly dialog boxes from shell scripts
ii  wireless-regdb                            2013.02.13-1ubuntu1                   all          wireless regulatory database
ii  xauth                                     1:1.0.7-1ubuntu1                      amd64        X authentication utility
ii  xfsprogs                                  3.1.9ubuntu2                          amd64        Utilities for managing the XFS filesystem
ii  xkb-data                                  2.10.1-1ubuntu1                       all          X Keyboard Extension (XKB) configuration data
ii  xml-core                                  0.13+nmu2                             all          XML infrastructure and XML catalog file support
ii  xmlstarlet                                1.5.0-1                               amd64        command line XML toolkit
ii  xz-utils                                  5.1.1alpha+20120614-2ubuntu2          amd64        XZ-format compression utilities
ii  zerofree                                  1.0.2-1ubuntu1                        amd64        zero free blocks from ext2, ext3 and ext4 file-systems
ii  zfs-fuse                                  0.7.0-10.1                            amd64        ZFS on FUSE
ii  zlib1g:amd64                              1:1.2.8.dfsg-1ubuntu1                 amd64        compression library - runtime
ii  zlib1g-dev:amd64                          1:1.2.8.dfsg-1ubuntu1                 amd64        compression library - development
